[2026-02-01T00:10:03.643+0000] {taskinstance.py:1125} INFO - Dependencies all met for dep_context=non-requeueable deps ti=<TaskInstance: crypto_volatility_pipeline.extract_bitcoin_data scheduled__2026-02-01T00:00:00+00:00 [queued]>
[2026-02-01T00:10:03.646+0000] {taskinstance.py:1125} INFO - Dependencies all met for dep_context=requeueable deps ti=<TaskInstance: crypto_volatility_pipeline.extract_bitcoin_data scheduled__2026-02-01T00:00:00+00:00 [queued]>
[2026-02-01T00:10:03.646+0000] {taskinstance.py:1331} INFO - Starting attempt 2 of 2
[2026-02-01T00:10:03.651+0000] {taskinstance.py:1350} INFO - Executing <Task(BashOperator): extract_bitcoin_data> on 2026-02-01 00:00:00+00:00
[2026-02-01T00:10:03.653+0000] {standard_task_runner.py:57} INFO - Started process 17037 to run task
[2026-02-01T00:10:03.654+0000] {standard_task_runner.py:84} INFO - Running: ['***', 'tasks', 'run', 'crypto_volatility_pipeline', 'extract_bitcoin_data', 'scheduled__2026-02-01T00:00:00+00:00', '--job-id', '1147', '--raw', '--subdir', 'DAGS_FOLDER/crypto_dag.py', '--cfg-path', '/tmp/tmppghkku2r']
[2026-02-01T00:10:03.655+0000] {standard_task_runner.py:85} INFO - Job 1147: Subtask extract_bitcoin_data
[2026-02-01T00:10:03.672+0000] {task_command.py:410} INFO - Running <TaskInstance: crypto_volatility_pipeline.extract_bitcoin_data scheduled__2026-02-01T00:00:00+00:00 [running]> on host 655395573b6f
[2026-02-01T00:10:03.706+0000] {taskinstance.py:1570} INFO - Exporting env vars: AIRFLOW_CTX_DAG_OWNER='harish' AIRFLOW_CTX_DAG_ID='crypto_volatility_pipeline' AIRFLOW_CTX_TASK_ID='extract_bitcoin_data' AIRFLOW_CTX_EXECUTION_DATE='2026-02-01T00:00:00+00:00' AIRFLOW_CTX_TRY_NUMBER='2' AIRFLOW_CTX_DAG_RUN_ID='scheduled__2026-02-01T00:00:00+00:00'
[2026-02-01T00:10:03.707+0000] {subprocess.py:63} INFO - Tmp dir root location: 
 /tmp
[2026-02-01T00:10:03.707+0000] {subprocess.py:75} INFO - Running command: ['/bin/bash', '-c', 'python /opt/***/dags/extract_data.py']
[2026-02-01T00:10:03.710+0000] {subprocess.py:86} INFO - Output:
[2026-02-01T00:10:04.231+0000] {subprocess.py:93} INFO - /home/***/.local/lib/python3.7/site-packages/snowflake/connector/options.py:109 UserWarning: You have an incompatible version of 'pyarrow' installed (9.0.0), please install a version that adheres to: 'pyarrow<10.1.0,>=10.0.1; extra == "pandas"'
[2026-02-01T00:10:04.352+0000] {subprocess.py:93} INFO - Error: name 'filename' is not defined
[2026-02-01T00:10:04.353+0000] {subprocess.py:93} INFO - Traceback (most recent call last):
[2026-02-01T00:10:04.353+0000] {subprocess.py:93} INFO -   File "/opt/***/dags/extract_data.py", line 37, in <module>
[2026-02-01T00:10:04.353+0000] {subprocess.py:93} INFO -     fetch_crypto_data()
[2026-02-01T00:10:04.353+0000] {subprocess.py:93} INFO -   File "/opt/***/dags/extract_data.py", line 34, in fetch_crypto_data
[2026-02-01T00:10:04.353+0000] {subprocess.py:93} INFO -     raise e
[2026-02-01T00:10:04.353+0000] {subprocess.py:93} INFO -   File "/opt/***/dags/extract_data.py", line 18, in fetch_crypto_data
[2026-02-01T00:10:04.353+0000] {subprocess.py:93} INFO -     with open(os.path.join(OUTPUT_FOLDER, filename), 'w') as f:
[2026-02-01T00:10:04.354+0000] {subprocess.py:93} INFO - NameError: name 'filename' is not defined
[2026-02-01T00:10:04.425+0000] {subprocess.py:97} INFO - Command exited with return code 1
[2026-02-01T00:10:04.432+0000] {taskinstance.py:1847} ERROR - Task failed with exception
Traceback (most recent call last):
  File "/home/airflow/.local/lib/python3.7/site-packages/airflow/operators/bash.py", line 211, in execute
    f"Bash command failed. The command returned a non-zero exit code {result.exit_code}."
airflow.exceptions.AirflowException: Bash command failed. The command returned a non-zero exit code 1.
[2026-02-01T00:10:04.434+0000] {taskinstance.py:1373} INFO - Marking task as FAILED. dag_id=crypto_volatility_pipeline, task_id=extract_bitcoin_data, execution_date=20260201T000000, start_date=20260201T001003, end_date=20260201T001004
[2026-02-01T00:10:04.439+0000] {standard_task_runner.py:109} ERROR - Failed to execute job 1147 for task extract_bitcoin_data (Bash command failed. The command returned a non-zero exit code 1.; 17037)
[2026-02-01T00:10:04.456+0000] {local_task_job_runner.py:232} INFO - Task exited with return code 1
[2026-02-01T00:10:04.464+0000] {taskinstance.py:2674} INFO - 0 downstream tasks scheduled from follow-on schedule check
