[2026-02-02T07:30:01.748+0000] {taskinstance.py:1125} INFO - Dependencies all met for dep_context=non-requeueable deps ti=<TaskInstance: crypto_volatility_pipeline.extract_bitcoin_data scheduled__2026-02-02T07:25:00+00:00 [queued]>
[2026-02-02T07:30:01.751+0000] {taskinstance.py:1125} INFO - Dependencies all met for dep_context=requeueable deps ti=<TaskInstance: crypto_volatility_pipeline.extract_bitcoin_data scheduled__2026-02-02T07:25:00+00:00 [queued]>
[2026-02-02T07:30:01.751+0000] {taskinstance.py:1331} INFO - Starting attempt 1 of 2
[2026-02-02T07:30:01.756+0000] {taskinstance.py:1350} INFO - Executing <Task(BashOperator): extract_bitcoin_data> on 2026-02-02 07:25:00+00:00
[2026-02-02T07:30:01.757+0000] {standard_task_runner.py:57} INFO - Started process 28470 to run task
[2026-02-02T07:30:01.758+0000] {standard_task_runner.py:84} INFO - Running: ['***', 'tasks', 'run', 'crypto_volatility_pipeline', 'extract_bitcoin_data', 'scheduled__2026-02-02T07:25:00+00:00', '--job-id', '1533', '--raw', '--subdir', 'DAGS_FOLDER/crypto_dag.py', '--cfg-path', '/tmp/tmpdnf5od59']
[2026-02-02T07:30:01.759+0000] {standard_task_runner.py:85} INFO - Job 1533: Subtask extract_bitcoin_data
[2026-02-02T07:30:01.773+0000] {task_command.py:410} INFO - Running <TaskInstance: crypto_volatility_pipeline.extract_bitcoin_data scheduled__2026-02-02T07:25:00+00:00 [running]> on host 655395573b6f
[2026-02-02T07:30:01.803+0000] {taskinstance.py:1570} INFO - Exporting env vars: AIRFLOW_CTX_DAG_OWNER='harish' AIRFLOW_CTX_DAG_ID='crypto_volatility_pipeline' AIRFLOW_CTX_TASK_ID='extract_bitcoin_data' AIRFLOW_CTX_EXECUTION_DATE='2026-02-02T07:25:00+00:00' AIRFLOW_CTX_TRY_NUMBER='1' AIRFLOW_CTX_DAG_RUN_ID='scheduled__2026-02-02T07:25:00+00:00'
[2026-02-02T07:30:01.803+0000] {subprocess.py:63} INFO - Tmp dir root location: 
 /tmp
[2026-02-02T07:30:01.803+0000] {subprocess.py:75} INFO - Running command: ['/bin/bash', '-c', 'python /opt/***/dags/extract_data.py']
[2026-02-02T07:30:01.806+0000] {subprocess.py:86} INFO - Output:
[2026-02-02T07:30:02.310+0000] {subprocess.py:93} INFO - /home/***/.local/lib/python3.7/site-packages/snowflake/connector/options.py:109 UserWarning: You have an incompatible version of 'pyarrow' installed (9.0.0), please install a version that adheres to: 'pyarrow<10.1.0,>=10.0.1; extra == "pandas"'
[2026-02-02T07:30:03.878+0000] {subprocess.py:93} INFO - Connecting to Snowflake...
[2026-02-02T07:30:03.879+0000] {subprocess.py:93} INFO - [[34m2026-02-02T07:30:03.878+0000[0m] {[34mbase.py:[0m73} INFO[0m - Using connection ID 'snowflake_conn' for task execution.[0m
[2026-02-02T07:30:03.879+0000] {subprocess.py:93} INFO - [[34m2026-02-02T07:30:03.879+0000[0m] {[34mconnection.py:[0m287} INFO[0m - Snowflake Connector for Python Version: 3.0.3, Python Version: 3.7.16, Platform: Linux-6.12.54-linuxkit-aarch64-with-debian-11.7[0m
[2026-02-02T07:30:03.879+0000] {subprocess.py:93} INFO - [[34m2026-02-02T07:30:03.879+0000[0m] {[34mconnection.py:[0m990} INFO[0m - This connection is in OCSP Fail Open Mode. TLS Certificates would be checked for validity and revocation status. Any other Certificate Revocation related exceptions or OCSP Responder failures would be disregarded in favor of connectivity.[0m
[2026-02-02T07:30:03.879+0000] {subprocess.py:93} INFO - [[34m2026-02-02T07:30:03.879+0000[0m] {[34mconnection.py:[0m1007} INFO[0m - Setting use_openssl_only mode to False[0m
[2026-02-02T07:30:04.475+0000] {subprocess.py:93} INFO - [[34m2026-02-02T07:30:04.474+0000[0m] {[34mcursor.py:[0m800} INFO[0m - query: [ALTER SESSION SET autocommit=False][0m
[2026-02-02T07:30:04.609+0000] {subprocess.py:93} INFO - [[34m2026-02-02T07:30:04.608+0000[0m] {[34mcursor.py:[0m813} INFO[0m - query execution done[0m
[2026-02-02T07:30:04.611+0000] {subprocess.py:93} INFO - [[34m2026-02-02T07:30:04.609+0000[0m] {[34mcursor.py:[0m956} INFO[0m - Number of results in first chunk: 1[0m
[2026-02-02T07:30:04.612+0000] {subprocess.py:93} INFO - [[34m2026-02-02T07:30:04.611+0000[0m] {[34msql.py:[0m375} INFO[0m - Running statement: INSERT INTO CRYPTO_DB.RAW.BITCOIN_PRICES (raw_data)
[2026-02-02T07:30:04.612+0000] {subprocess.py:93} INFO -                 SELECT PARSE_JSON('{"bitcoin": {"usd": 76366, "last_updated_at": 1770017377}, "scraped_at": "2026-02-02T07:30:03.517835"}'), parameters: None[0m
[2026-02-02T07:30:04.613+0000] {subprocess.py:93} INFO - [[34m2026-02-02T07:30:04.611+0000[0m] {[34mcursor.py:[0m800} INFO[0m - query: [INSERT INTO CRYPTO_DB.RAW.BITCOIN_PRICES (raw_data) SELECT PARSE_JSON('{"bitcoin...][0m
[2026-02-02T07:30:05.011+0000] {subprocess.py:93} INFO - [[34m2026-02-02T07:30:05.010+0000[0m] {[34mcursor.py:[0m813} INFO[0m - query execution done[0m
[2026-02-02T07:30:05.012+0000] {subprocess.py:93} INFO - [[34m2026-02-02T07:30:05.011+0000[0m] {[34msql.py:[0m384} INFO[0m - Rows affected: 1[0m
[2026-02-02T07:30:05.012+0000] {subprocess.py:93} INFO - [[34m2026-02-02T07:30:05.012+0000[0m] {[34msnowflake.py:[0m391} INFO[0m - Rows affected: 1[0m
[2026-02-02T07:30:05.012+0000] {subprocess.py:93} INFO - [[34m2026-02-02T07:30:05.012+0000[0m] {[34msnowflake.py:[0m392} INFO[0m - Snowflake query id: 01c22382-0004-684f-000b-34ce0001645a[0m
[2026-02-02T07:30:05.012+0000] {subprocess.py:93} INFO - [[34m2026-02-02T07:30:05.012+0000[0m] {[34mcursor.py:[0m800} INFO[0m - query: [COMMIT][0m
[2026-02-02T07:30:05.313+0000] {subprocess.py:93} INFO - [[34m2026-02-02T07:30:05.312+0000[0m] {[34mcursor.py:[0m813} INFO[0m - query execution done[0m
[2026-02-02T07:30:05.314+0000] {subprocess.py:93} INFO - [[34m2026-02-02T07:30:05.313+0000[0m] {[34mcursor.py:[0m956} INFO[0m - Number of results in first chunk: 1[0m
[2026-02-02T07:30:05.314+0000] {subprocess.py:93} INFO - [[34m2026-02-02T07:30:05.313+0000[0m] {[34mconnection.py:[0m586} INFO[0m - closed[0m
[2026-02-02T07:30:05.378+0000] {subprocess.py:93} INFO - [[34m2026-02-02T07:30:05.378+0000[0m] {[34mconnection.py:[0m589} INFO[0m - No async queries seem to be running, deleting session[0m
[2026-02-02T07:30:05.430+0000] {subprocess.py:93} INFO - Success! Data loaded into Snowflake.
[2026-02-02T07:30:05.604+0000] {subprocess.py:97} INFO - Command exited with return code 0
[2026-02-02T07:30:05.614+0000] {taskinstance.py:1373} INFO - Marking task as SUCCESS. dag_id=crypto_volatility_pipeline, task_id=extract_bitcoin_data, execution_date=20260202T072500, start_date=20260202T073001, end_date=20260202T073005
[2026-02-02T07:30:05.642+0000] {local_task_job_runner.py:232} INFO - Task exited with return code 0
[2026-02-02T07:30:05.648+0000] {taskinstance.py:2674} INFO - 0 downstream tasks scheduled from follow-on schedule check
