[2026-02-01T00:13:59.889+0000] {taskinstance.py:1125} INFO - Dependencies all met for dep_context=non-requeueable deps ti=<TaskInstance: crypto_volatility_pipeline.extract_bitcoin_data manual__2026-02-01T00:13:57.960975+00:00 [queued]>
[2026-02-01T00:13:59.892+0000] {taskinstance.py:1125} INFO - Dependencies all met for dep_context=requeueable deps ti=<TaskInstance: crypto_volatility_pipeline.extract_bitcoin_data manual__2026-02-01T00:13:57.960975+00:00 [queued]>
[2026-02-01T00:13:59.892+0000] {taskinstance.py:1331} INFO - Starting attempt 1 of 2
[2026-02-01T00:13:59.896+0000] {taskinstance.py:1350} INFO - Executing <Task(BashOperator): extract_bitcoin_data> on 2026-02-01 00:13:57.960975+00:00
[2026-02-01T00:13:59.898+0000] {standard_task_runner.py:57} INFO - Started process 17063 to run task
[2026-02-01T00:13:59.899+0000] {standard_task_runner.py:84} INFO - Running: ['***', 'tasks', 'run', 'crypto_volatility_pipeline', 'extract_bitcoin_data', 'manual__2026-02-01T00:13:57.960975+00:00', '--job-id', '1148', '--raw', '--subdir', 'DAGS_FOLDER/crypto_dag.py', '--cfg-path', '/tmp/tmp0lqdbj5h']
[2026-02-01T00:13:59.900+0000] {standard_task_runner.py:85} INFO - Job 1148: Subtask extract_bitcoin_data
[2026-02-01T00:13:59.918+0000] {task_command.py:410} INFO - Running <TaskInstance: crypto_volatility_pipeline.extract_bitcoin_data manual__2026-02-01T00:13:57.960975+00:00 [running]> on host 655395573b6f
[2026-02-01T00:13:59.950+0000] {taskinstance.py:1570} INFO - Exporting env vars: AIRFLOW_CTX_DAG_OWNER='harish' AIRFLOW_CTX_DAG_ID='crypto_volatility_pipeline' AIRFLOW_CTX_TASK_ID='extract_bitcoin_data' AIRFLOW_CTX_EXECUTION_DATE='2026-02-01T00:13:57.960975+00:00' AIRFLOW_CTX_TRY_NUMBER='1' AIRFLOW_CTX_DAG_RUN_ID='manual__2026-02-01T00:13:57.960975+00:00'
[2026-02-01T00:13:59.951+0000] {subprocess.py:63} INFO - Tmp dir root location: 
 /tmp
[2026-02-01T00:13:59.951+0000] {subprocess.py:75} INFO - Running command: ['/bin/bash', '-c', 'python /opt/***/dags/extract_data.py']
[2026-02-01T00:13:59.954+0000] {subprocess.py:86} INFO - Output:
[2026-02-01T00:14:00.476+0000] {subprocess.py:93} INFO - /home/***/.local/lib/python3.7/site-packages/snowflake/connector/options.py:109 UserWarning: You have an incompatible version of 'pyarrow' installed (9.0.0), please install a version that adheres to: 'pyarrow<10.1.0,>=10.0.1; extra == "pandas"'
[2026-02-01T00:14:01.018+0000] {subprocess.py:93} INFO - Connecting to Snowflake...
[2026-02-01T00:14:01.019+0000] {subprocess.py:93} INFO - [[34m2026-02-01T00:14:01.017+0000[0m] {[34mbase.py:[0m73} INFO[0m - Using connection ID 'snowflake_conn' for task execution.[0m
[2026-02-01T00:14:01.019+0000] {subprocess.py:93} INFO - [[34m2026-02-01T00:14:01.017+0000[0m] {[34mconnection.py:[0m287} INFO[0m - Snowflake Connector for Python Version: 3.0.3, Python Version: 3.7.16, Platform: Linux-6.12.54-linuxkit-aarch64-with-debian-11.7[0m
[2026-02-01T00:14:01.019+0000] {subprocess.py:93} INFO - [[34m2026-02-01T00:14:01.018+0000[0m] {[34mconnection.py:[0m990} INFO[0m - This connection is in OCSP Fail Open Mode. TLS Certificates would be checked for validity and revocation status. Any other Certificate Revocation related exceptions or OCSP Responder failures would be disregarded in favor of connectivity.[0m
[2026-02-01T00:14:01.019+0000] {subprocess.py:93} INFO - [[34m2026-02-01T00:14:01.018+0000[0m] {[34mconnection.py:[0m1007} INFO[0m - Setting use_openssl_only mode to False[0m
[2026-02-01T00:14:02.063+0000] {subprocess.py:93} INFO - [[34m2026-02-01T00:14:02.061+0000[0m] {[34mcursor.py:[0m800} INFO[0m - query: [ALTER SESSION SET autocommit=False][0m
[2026-02-01T00:14:02.164+0000] {subprocess.py:93} INFO - [[34m2026-02-01T00:14:02.163+0000[0m] {[34mcursor.py:[0m813} INFO[0m - query execution done[0m
[2026-02-01T00:14:02.166+0000] {subprocess.py:93} INFO - [[34m2026-02-01T00:14:02.165+0000[0m] {[34mcursor.py:[0m956} INFO[0m - Number of results in first chunk: 1[0m
[2026-02-01T00:14:02.167+0000] {subprocess.py:93} INFO - [[34m2026-02-01T00:14:02.166+0000[0m] {[34msql.py:[0m375} INFO[0m - Running statement: INSERT INTO CRYPTO_DB.RAW.BITCOIN_PRICES (raw_data)
[2026-02-01T00:14:02.168+0000] {subprocess.py:93} INFO -                 SELECT PARSE_JSON('{"bitcoin": {"usd": 79183, "last_updated_at": 1769904784}, "scraped_at": "2026-02-01T00:14:00.664831"}), parameters: None[0m
[2026-02-01T00:14:02.168+0000] {subprocess.py:93} INFO - [[34m2026-02-01T00:14:02.166+0000[0m] {[34mcursor.py:[0m800} INFO[0m - query: [INSERT INTO CRYPTO_DB.RAW.BITCOIN_PRICES (raw_data) SELECT PARSE_JSON('{"bitcoin...][0m
[2026-02-01T00:14:02.280+0000] {subprocess.py:93} INFO - [[34m2026-02-01T00:14:02.279+0000[0m] {[34mcursor.py:[0m813} INFO[0m - query execution done[0m
[2026-02-01T00:14:02.283+0000] {subprocess.py:93} INFO - [[34m2026-02-01T00:14:02.283+0000[0m] {[34mconnection.py:[0m586} INFO[0m - closed[0m
[2026-02-01T00:14:02.327+0000] {subprocess.py:93} INFO - [[34m2026-02-01T00:14:02.326+0000[0m] {[34mconnection.py:[0m589} INFO[0m - No async queries seem to be running, deleting session[0m
[2026-02-01T00:14:02.414+0000] {subprocess.py:93} INFO - Error: 001003 (42000): 01c21c2e-0004-6848-000b-34ce000150da: SQL compilation error:
[2026-02-01T00:14:02.415+0000] {subprocess.py:93} INFO - parse error line 2 at position 138 near '<EOF>'.
[2026-02-01T00:14:02.416+0000] {subprocess.py:93} INFO - syntax error line 2 at position 45 unexpected ':'.
[2026-02-01T00:14:02.417+0000] {subprocess.py:93} INFO - syntax error line 2 at position 47 unexpected '{'.
[2026-02-01T00:14:02.417+0000] {subprocess.py:93} INFO - syntax error line 2 at position 53 unexpected ':'.
[2026-02-01T00:14:02.421+0000] {subprocess.py:93} INFO - Traceback (most recent call last):
[2026-02-01T00:14:02.422+0000] {subprocess.py:93} INFO -   File "/opt/***/dags/extract_data.py", line 37, in <module>
[2026-02-01T00:14:02.422+0000] {subprocess.py:93} INFO -     fetch_crypto_data()
[2026-02-01T00:14:02.422+0000] {subprocess.py:93} INFO -   File "/opt/***/dags/extract_data.py", line 34, in fetch_crypto_data
[2026-02-01T00:14:02.422+0000] {subprocess.py:93} INFO -     raise e
[2026-02-01T00:14:02.423+0000] {subprocess.py:93} INFO -   File "/opt/***/dags/extract_data.py", line 29, in fetch_crypto_data
[2026-02-01T00:14:02.423+0000] {subprocess.py:93} INFO -     hook.run(sql)
[2026-02-01T00:14:02.423+0000] {subprocess.py:93} INFO -   File "/home/***/.local/lib/python3.7/site-packages/***/providers/snowflake/hooks/snowflake.py", line 379, in run
[2026-02-01T00:14:02.423+0000] {subprocess.py:93} INFO -     self._run_command(cur, sql_statement, parameters)
[2026-02-01T00:14:02.424+0000] {subprocess.py:93} INFO -   File "/home/***/.local/lib/python3.7/site-packages/***/providers/common/sql/hooks/sql.py", line 380, in _run_command
[2026-02-01T00:14:02.424+0000] {subprocess.py:93} INFO -     cur.execute(sql_statement)
[2026-02-01T00:14:02.424+0000] {subprocess.py:93} INFO -   File "/home/***/.local/lib/python3.7/site-packages/snowflake/connector/cursor.py", line 904, in execute
[2026-02-01T00:14:02.424+0000] {subprocess.py:93} INFO -     Error.errorhandler_wrapper(self.connection, self, error_class, errvalue)
[2026-02-01T00:14:02.424+0000] {subprocess.py:93} INFO -   File "/home/***/.local/lib/python3.7/site-packages/snowflake/connector/errors.py", line 294, in errorhandler_wrapper
[2026-02-01T00:14:02.425+0000] {subprocess.py:93} INFO -     error_value,
[2026-02-01T00:14:02.425+0000] {subprocess.py:93} INFO -   File "/home/***/.local/lib/python3.7/site-packages/snowflake/connector/errors.py", line 345, in hand_to_other_handler
[2026-02-01T00:14:02.425+0000] {subprocess.py:93} INFO -     cursor.errorhandler(connection, cursor, error_class, error_value)
[2026-02-01T00:14:02.425+0000] {subprocess.py:93} INFO -   File "/home/***/.local/lib/python3.7/site-packages/snowflake/connector/errors.py", line 231, in default_errorhandler
[2026-02-01T00:14:02.426+0000] {subprocess.py:93} INFO -     cursor=cursor,
[2026-02-01T00:14:02.426+0000] {subprocess.py:93} INFO - snowflake.connector.errors.ProgrammingError: 001003 (42000): 01c21c2e-0004-6848-000b-34ce000150da: SQL compilation error:
[2026-02-01T00:14:02.426+0000] {subprocess.py:93} INFO - parse error line 2 at position 138 near '<EOF>'.
[2026-02-01T00:14:02.427+0000] {subprocess.py:93} INFO - syntax error line 2 at position 45 unexpected ':'.
[2026-02-01T00:14:02.427+0000] {subprocess.py:93} INFO - syntax error line 2 at position 47 unexpected '{'.
[2026-02-01T00:14:02.427+0000] {subprocess.py:93} INFO - syntax error line 2 at position 53 unexpected ':'.
[2026-02-01T00:14:02.597+0000] {subprocess.py:97} INFO - Command exited with return code 1
[2026-02-01T00:14:02.602+0000] {taskinstance.py:1847} ERROR - Task failed with exception
Traceback (most recent call last):
  File "/home/airflow/.local/lib/python3.7/site-packages/airflow/operators/bash.py", line 211, in execute
    f"Bash command failed. The command returned a non-zero exit code {result.exit_code}."
airflow.exceptions.AirflowException: Bash command failed. The command returned a non-zero exit code 1.
[2026-02-01T00:14:02.603+0000] {taskinstance.py:1373} INFO - Marking task as UP_FOR_RETRY. dag_id=crypto_volatility_pipeline, task_id=extract_bitcoin_data, execution_date=20260201T001357, start_date=20260201T001359, end_date=20260201T001402
[2026-02-01T00:14:02.608+0000] {standard_task_runner.py:109} ERROR - Failed to execute job 1148 for task extract_bitcoin_data (Bash command failed. The command returned a non-zero exit code 1.; 17063)
[2026-02-01T00:14:02.643+0000] {local_task_job_runner.py:232} INFO - Task exited with return code 1
[2026-02-01T00:14:02.651+0000] {taskinstance.py:2674} INFO - 0 downstream tasks scheduled from follow-on schedule check
