[2026-01-31T23:45:01.915+0000] {taskinstance.py:1125} INFO - Dependencies all met for dep_context=non-requeueable deps ti=<TaskInstance: crypto_volatility_pipeline.extract_bitcoin_data scheduled__2026-01-31T23:40:00+00:00 [queued]>
[2026-01-31T23:45:01.918+0000] {taskinstance.py:1125} INFO - Dependencies all met for dep_context=requeueable deps ti=<TaskInstance: crypto_volatility_pipeline.extract_bitcoin_data scheduled__2026-01-31T23:40:00+00:00 [queued]>
[2026-01-31T23:45:01.918+0000] {taskinstance.py:1331} INFO - Starting attempt 1 of 2
[2026-01-31T23:45:01.926+0000] {taskinstance.py:1350} INFO - Executing <Task(BashOperator): extract_bitcoin_data> on 2026-01-31 23:40:00+00:00
[2026-01-31T23:45:01.928+0000] {standard_task_runner.py:57} INFO - Started process 16718 to run task
[2026-01-31T23:45:01.930+0000] {standard_task_runner.py:84} INFO - Running: ['***', 'tasks', 'run', 'crypto_volatility_pipeline', 'extract_bitcoin_data', 'scheduled__2026-01-31T23:40:00+00:00', '--job-id', '1132', '--raw', '--subdir', 'DAGS_FOLDER/crypto_dag.py', '--cfg-path', '/tmp/tmpbw_rp9zy']
[2026-01-31T23:45:01.931+0000] {standard_task_runner.py:85} INFO - Job 1132: Subtask extract_bitcoin_data
[2026-01-31T23:45:01.950+0000] {task_command.py:410} INFO - Running <TaskInstance: crypto_volatility_pipeline.extract_bitcoin_data scheduled__2026-01-31T23:40:00+00:00 [running]> on host 655395573b6f
[2026-01-31T23:45:01.986+0000] {taskinstance.py:1570} INFO - Exporting env vars: AIRFLOW_CTX_DAG_OWNER='harish' AIRFLOW_CTX_DAG_ID='crypto_volatility_pipeline' AIRFLOW_CTX_TASK_ID='extract_bitcoin_data' AIRFLOW_CTX_EXECUTION_DATE='2026-01-31T23:40:00+00:00' AIRFLOW_CTX_TRY_NUMBER='1' AIRFLOW_CTX_DAG_RUN_ID='scheduled__2026-01-31T23:40:00+00:00'
[2026-01-31T23:45:01.987+0000] {subprocess.py:63} INFO - Tmp dir root location: 
 /tmp
[2026-01-31T23:45:01.987+0000] {subprocess.py:75} INFO - Running command: ['/bin/bash', '-c', 'python /opt/***/dags/extract_data.py']
[2026-01-31T23:45:01.990+0000] {subprocess.py:86} INFO - Output:
[2026-01-31T23:45:02.562+0000] {subprocess.py:93} INFO - /home/***/.local/lib/python3.7/site-packages/snowflake/connector/options.py:109 UserWarning: You have an incompatible version of 'pyarrow' installed (9.0.0), please install a version that adheres to: 'pyarrow<10.1.0,>=10.0.1; extra == "pandas"'
[2026-01-31T23:45:02.708+0000] {subprocess.py:93} INFO - Connecting to Snowflake...
[2026-01-31T23:45:02.708+0000] {subprocess.py:93} INFO - Error: dump() missing 1 required positional argument: 'fp'
[2026-01-31T23:45:02.710+0000] {subprocess.py:93} INFO - Traceback (most recent call last):
[2026-01-31T23:45:02.712+0000] {subprocess.py:93} INFO -   File "/opt/***/dags/extract_data.py", line 37, in <module>
[2026-01-31T23:45:02.712+0000] {subprocess.py:93} INFO -     fetch_crypto_data()
[2026-01-31T23:45:02.712+0000] {subprocess.py:93} INFO -   File "/opt/***/dags/extract_data.py", line 34, in fetch_crypto_data
[2026-01-31T23:45:02.712+0000] {subprocess.py:93} INFO -     raise e
[2026-01-31T23:45:02.712+0000] {subprocess.py:93} INFO -   File "/opt/***/dags/extract_data.py", line 27, in fetch_crypto_data
[2026-01-31T23:45:02.712+0000] {subprocess.py:93} INFO -     """
[2026-01-31T23:45:02.712+0000] {subprocess.py:93} INFO - TypeError: dump() missing 1 required positional argument: 'fp'
[2026-01-31T23:45:02.787+0000] {subprocess.py:97} INFO - Command exited with return code 1
[2026-01-31T23:45:02.792+0000] {taskinstance.py:1847} ERROR - Task failed with exception
Traceback (most recent call last):
  File "/home/airflow/.local/lib/python3.7/site-packages/airflow/operators/bash.py", line 211, in execute
    f"Bash command failed. The command returned a non-zero exit code {result.exit_code}."
airflow.exceptions.AirflowException: Bash command failed. The command returned a non-zero exit code 1.
[2026-01-31T23:45:02.794+0000] {taskinstance.py:1373} INFO - Marking task as UP_FOR_RETRY. dag_id=crypto_volatility_pipeline, task_id=extract_bitcoin_data, execution_date=20260131T234000, start_date=20260131T234501, end_date=20260131T234502
[2026-01-31T23:45:02.799+0000] {standard_task_runner.py:109} ERROR - Failed to execute job 1132 for task extract_bitcoin_data (Bash command failed. The command returned a non-zero exit code 1.; 16718)
[2026-01-31T23:45:02.832+0000] {local_task_job_runner.py:232} INFO - Task exited with return code 1
[2026-01-31T23:45:02.841+0000] {taskinstance.py:2674} INFO - 0 downstream tasks scheduled from follow-on schedule check
